2026-03-20 16:09:16.345 UTC [46] LOG:  checkpoint starting: time
2026-03-20 16:09:16.766 UTC [46] LOG:  checkpoint complete: wrote 4 buffers (0.1%); 0 WAL file(s) added, 0 removed, 0 recycled; write=0.340 s, sync=0.002 s, total=0.427 s; sync files=2, longest=0.002 s, average=0.001 s; distance=5 kB, estimate=39 kB; lsn=0/2626450, redo lsn=0/2626418
2026-03-20 16:24:16.997 UTC [46] LOG:  checkpoint starting: time
2026-03-20 16:24:17.230 UTC [46] LOG:  checkpoint complete: wrote 3 buffers (0.1%); 0 WAL file(s) added, 0 removed, 0 recycled; write=0.217 s, sync=0.001 s, total=0.233 s; sync files=2, longest=0.001 s, average=0.001 s; distance=4 kB, estimate=35 kB; lsn=0/26274C0, redo lsn=0/2627488
2026-03-20 22:53:03.154 UTC [46] LOG:  checkpoint starting: time
2026-03-20 22:53:05.503 UTC [46] LOG:  checkpoint complete: wrote 22 buffers (0.5%); 0 WAL file(s) added, 0 removed, 0 recycled; write=2.294 s, sync=0.004 s, total=2.349 s; sync files=9, longest=0.001 s, average=0.001 s; distance=36 kB, estimate=36 kB; lsn=0/2630658, redo lsn=0/2630620
2026-03-27 10:04:24.624 UTC [28] LOG:  starting PostgreSQL 16.10 on aarch64-redhat-linux-gnu, compiled by gcc (GCC) 14.3.1 20250617 (Red Hat 14.3.1-2), 64-bit
2026-03-27 10:04:24.631 UTC [28] LOG:  listening on Unix socket "/var/run/postgresql/.s.PGSQL.5432"
2026-03-27 10:04:24.637 UTC [28] LOG:  listening on Unix socket "/tmp/.s.PGSQL.5432"
2026-03-27 10:04:25.267 UTC [32] LOG:  database system was interrupted; last known up at 2026-03-20 22:53:05 UTC
2026-03-27 10:04:35.327 UTC [32] LOG:  syncing data directory (pre-fsync), elapsed time: 10.04 s, current path: ./base/5/1259_vm
2026-03-27 10:04:36.044 UTC [32] LOG:  database system was not properly shut down; automatic recovery in progress
2026-03-27 10:04:36.051 UTC [32] LOG:  redo starts at 0/2630620
2026-03-27 10:04:36.051 UTC [32] LOG:  invalid record length at 0/2630708: expected at least 24, got 0
2026-03-27 10:04:36.051 UTC [32] LOG:  redo done at 0/26306D0 system usage: CPU: user: 0.00 s, system: 0.00 s, elapsed: 0.00 s
2026-03-27 10:04:36.060 UTC [30] LOG:  checkpoint starting: end-of-recovery immediate wait
2026-03-27 10:04:36.246 UTC [30] LOG:  checkpoint complete: wrote 3 buffers (0.1%); 0 WAL file(s) added, 0 removed, 0 recycled; write=0.002 s, sync=0.002 s, total=0.188 s; sync files=2, longest=0.002 s, average=0.001 s; distance=0 kB, estimate=0 kB; lsn=0/2630708, redo lsn=0/2630708
2026-03-27 10:04:36.263 UTC [28] LOG:  database system is ready to accept connections
2026-03-27 10:04:36.441 UTC [28] LOG:  received fast shutdown request
2026-03-27 10:04:36.442 UTC [28] LOG:  aborting any active transactions
2026-03-27 10:04:36.442 UTC [28] LOG:  background worker "logical replication launcher" (PID 35) exited with exit code 1
2026-03-27 10:04:36.442 UTC [30] LOG:  shutting down
2026-03-27 10:04:36.443 UTC [30] LOG:  checkpoint starting: shutdown immediate
2026-03-27 10:04:36.459 UTC [30] LOG:  checkpoint complete: wrote 2 buffers (0.0%); 0 WAL file(s) added, 0 removed, 0 recycled; write=0.004 s, sync=0.003 s, total=0.017 s; sync files=2, longest=0.003 s, average=0.002 s; distance=3 kB, estimate=3 kB; lsn=0/2631358, redo lsn=0/2631358
2026-03-27 10:04:36.462 UTC [28] LOG:  database system is shut down
2026-03-27 10:04:36.564 UTC [1] LOG:  starting PostgreSQL 16.10 on aarch64-redhat-linux-gnu, compiled by gcc (GCC) 14.3.1 20250617 (Red Hat 14.3.1-2), 64-bit
2026-03-27 10:04:36.564 UTC [1] LOG:  listening on IPv4 address "0.0.0.0", port 5432
2026-03-27 10:04:36.564 UTC [1] LOG:  listening on IPv6 address "::", port 5432
2026-03-27 10:04:36.568 UTC [1] LOG:  listening on Unix socket "/var/run/postgresql/.s.PGSQL.5432"
2026-03-27 10:04:36.574 UTC [1] LOG:  listening on Unix socket "/tmp/.s.PGSQL.5432"
2026-03-27 10:04:36.588 UTC [48] LOG:  database system was shut down at 2026-03-27 10:04:36 UTC
2026-03-27 10:04:36.599 UTC [1] LOG:  database system is ready to accept connections
2026-03-27 10:09:36.643 UTC [46] LOG:  checkpoint starting: time
2026-03-27 10:09:36.904 UTC [46] LOG:  checkpoint complete: wrote 5 buffers (0.1%); 0 WAL file(s) added, 0 removed, 0 recycled; write=0.223 s, sync=0.003 s, total=0.261 s; sync files=4, longest=0.002 s, average=0.001 s; distance=0 kB, estimate=0 kB; lsn=0/2631508, redo lsn=0/26314D0
